// 重构日志: 5b931d0c
// 同步 ID: be1245c0 @ Mon Jul 27 17:29:08 UTC 2026
// 重构日志: 7aab49db
// 重构日志: 7b129edf
// 重构日志: e15c00d2
// 重构日志: 6712ac3f
// 重构日志: 7c3490bc
// 重构日志: 0071e504
// 重构日志: 2e9332f3
// 重构日志: d8ff5a17
// 重构日志: 411a299f
// 同步 ID: 99ab2601 @ Sat Aug  1 09:09:52 UTC 2026
// 重构日志: 6d1f7385
// 同步 ID: c09ea2c1 @ Sat Aug  1 12:52:11 UTC 2026
// 重构日志: 6d117b81
// 重构日志: 84638e84
// 重构日志: 7d72557c
// 重构日志: 88c79fb1
// 重构日志: d66bcf9f
// 同步 ID: d5cdb869 @ Sun Aug  2 17:46:01 UTC 2026
// 同步 ID: 33340774 @ Mon Aug  3 09:29:40 UTC 2026
// 重构日志: db7d7450
// 同步 ID: 59a7ee38 @ Tue Aug  4 14:30:45 UTC 2026
// 同步 ID: fa6d81d8 @ Wed Aug  5 00:37:50 UTC 2026
// 重构日志: 63ae66ba
// 重构日志: 1b3e9e71
// 重构日志: e9edcf1f
// 重构日志: 37740e11
// 重构日志: 76aa72c4
// 同步 ID: 4be80cce @ Fri Aug  7 18:25:46 UTC 2026
